Microchip MPLAB XC8 Compiler V2.41

Linker command line:

-W-3 \
  --edf=/home/hidden02/software/MPLABX/v6.10/packs/Microchip/PIC18Fxxxx_DFP/1.4.151/xc8/pic/dat/20230323171731_en.msgs \
  -cn -h+dist/default/production/Test.X.production.sym \
  --cmf=dist/default/production/Test.X.production.cmf -z -Q18F2550 \
  -o/tmp/xcXFeeAhP/driver_tmp_3.o --defsym=__MPLAB_BUILD=1 \
  --fixupoverflow=error -Mdist/default/production/Test.X.production.map \
  --md=/tmp/xcXFeeAhP/driver_tmp_0.dat -E1 -ver=XC8 Compiler --acfsm=1493 \
  -ACODE=00h-07FFFh -ACONST=00h-07FFFh -ASMALLCONST=0800h-08FFhx120 \
  -AMEDIUMCONST=0800h-07FFFh -ACOMRAM=01h-05Fh -AABS1=00h-07FFh \
  -ABIGRAM=01h-07FFh -ARAM=060h-0FFh,0100h-01FFhx7 -ABANK0=060h-0FFh \
  -ABANK1=0100h-01FFh -ABANK2=0200h-02FFh -ABANK3=0300h-03FFh \
  -ABANK4=0400h-04FFh -ABANK5=0500h-05FFh -ABANK6=0600h-06FFh \
  -ABANK7=0700h-07FFh -ASFR=0F60h-0FFFh -ABIGSFR=0F60h-0FFFh \
  -ACONFIG=0300000h-030000Dh -AIDLOC=0200000h-0200007h \
  -AEEDATA=0F00000h-0F000FFh -peeprom_data=EEDATA \
  -preset_vec=00h,intcode=08h,intcodelo,powerup,init -pramtop=0800h \
  -psmallconst=SMALLCONST -pmediumconst=MEDIUMCONST -pconst=CONST \
  -AFARRAM=00h-00h \
  -prdata=COMRAM,nvrram=COMRAM,nvbit=COMRAM,rbss=COMRAM,rbit=COMRAM \
  -pfarbss=FARRAM,fardata=FARRAM,nvFARRAM=FARRAM \
  -pintsave_regs=BIGRAM,bigbss=BIGRAM,bigdata=BIGRAM -pbss=RAM \
  -pidata=CODE,irdata=CODE,ibigdata=CODE,ifardata=CODE -prparam=COMRAM \
  /tmp/xcXFeeAhP/driver_tmp_9.o dist/default/production/Test.X.production.o 

Object code version is 3.11

Machine type is 18F2550



                Name                               Link     Load   Length Selector   Space Scale
/tmp/xcXFeeAhP/driver_tmp_9.o
                config                           300000   300000        E        0       4
                init                                  E        E        4        4       0
                reset_vec                             0        0        4        0       0
dist/default/production/Test.X.production.o
                intcode                               8        8        6        4       0
                config                           300000   300000        E        0       4
                temp                                 2B       2B        1        1       1
                smallconst                          800      800       12      400       0
                text8                               A24      A24       7C      409       0
                text7                               AF8      AF8       1A      409       0
                text6                               900      900       96      409       0
                text5                               996      996       8E      409       0
                intcode_body                        812      812       EE      409       0
                text3                               B26      B26       12      409       0
                text2                               B42      B42        6      409       0
                text1                               ADE      ADE       1A      409       0
                text0                               B12      B12       14      409       0
                cstackCOMRAM                         12       12        F        1       1
                dataCOMRAM                           21       21        A        1       1
                bssCOMRAM                             1        1       11        1       1
                cinit                               AA0      AA0       3E      409       0
                idataCOMRAM                         B38      B38        A      409       0

TOTAL           Name                               Link     Load   Length     Space
        CLASS   CODE           
                intcode                               8        8        6         0
                init                                  E        E        4         0
                reset_vec                             0        0        4         0
                text8                               A24      A24       7C         0
                text7                               AF8      AF8       1A         0
                text6                               900      900       96         0
                text5                               996      996       8E         0
                intcode_body                        812      812       EE         0
                text3                               B26      B26       12         0
                text2                               B42      B42        6         0
                text1                               ADE      ADE       1A         0
                text0                               B12      B12       14         0
                cinit                               AA0      AA0       3E         0
                idataCOMRAM                         B38      B38        A         0

        CLASS   CONST          

        CLASS   SMALLCONST     
                smallconst                          800      800       12         0

        CLASS   MEDIUMCONST    

        CLASS   COMRAM         
                temp                                 2B       2B        1         1
                cstackCOMRAM                         12       12        F         1
                dataCOMRAM                           21       21        A         1
                bssCOMRAM                             1        1       11         1

        CLASS   ABS1           

        CLASS   BIGRAM         

        CLASS   RAM            

        CLASS   BANK0          

        CLASS   BANK1          

        CLASS   BANK2          

        CLASS   BANK3          

        CLASS   BANK4          

        CLASS   BANK5          

        CLASS   BANK6          

        CLASS   BANK7          

        CLASS   SFR            

        CLASS   BIGSFR         

        CLASS   CONFIG         
                config                           300000   300000        E         4

        CLASS   IDLOC          

        CLASS   EEDATA         

        CLASS   FARRAM         

        CLASS   HEAP           

        CLASS   STACK          



SEGMENTS        Name                           Load    Length   Top    Selector   Space  Class

                reset_vec                      000000  000004  000004         0       0  CODE    
                intcode_body                   000812  000336  000B48       409       0  CODE    
                bssCOMRAM                      000001  00002B  00002C         1       1  COMRAM  
                intcode                        000008  00000A  000012         4       0  CODE    
                smallconst                     000800  000012  000812       400       0  SMALLCON


UNUSED ADDRESS RANGES

        Name                Unused          Largest block    Delta
        BANK0            000060-0000FF               A0
        BANK1            000100-0001FF              100
        BANK2            000200-0002FF              100
        BANK3            000300-0003FF              100
        BANK4            000400-0004FF              100
        BANK5            000500-0005FF              100
        BANK6            000600-0006FF              100
        BANK7            000700-0007FF              100
        BIGRAM           00002C-0007FF              7D4
        BIGSFR           000F60-000FFF               A0
        CODE             000004-000007                4
                         000012-0007FF              7EE
                         000B48-007FFF             74B8
        COMRAM           00002C-00005F               34
        CONST            000004-000007                4
                         000012-0007FF              7EE
                         000B48-007FFF             74B8
        EEDATA           F00000-F000FF              100
        IDLOC            200000-200007                8
        MEDIUMCONST      000B48-007FFF             74B8
        RAM              000060-0007FF              100
        SFR              000F60-000FFF               A0
        SMALLCONST       000B48-007FFF              100

                                  Symbol Table

?_strncmp                   cstackCOMRAM 000012
_BAUDCON                    (abs)        000FB8
_INTCON                     (abs)        000FF2
_INTCON2                    (abs)        000FF1
_INTCON3                    (abs)        000FF0
_PIE1                       (abs)        000F9D
_PIE1bits                   (abs)        000F9D
_PIR1bits                   (abs)        000F9E
_PORTBbits                  (abs)        000F81
_RCREG                      (abs)        000FAE
_RCSTA                      (abs)        000FAB
_SPBRG                      (abs)        000FAF
_SPBRGH                     (abs)        000FB0
_TRISB                      (abs)        000F93
_TRISC                      (abs)        000F94
_TXREG                      (abs)        000FAD
_TXSTA                      (abs)        000FAC
_TXSTAbits                  (abs)        000FAC
__HRAM                      (abs)        000000
__H__absolute__             __absolute__ 000000
__Habs1                     abs1         000000
__Hbank0                    bank0        000000
__Hbank1                    bank1        000000
__Hbank2                    bank2        000000
__Hbank3                    bank3        000000
__Hbank4                    bank4        000000
__Hbank5                    bank5        000000
__Hbank6                    bank6        000000
__Hbank7                    bank7        000000
__Hbigbss                   bigbss       000000
__Hbigdata                  bigdata      000000
__Hbigram                   bigram       000000
__Hbigsfr                   bigsfr       000000
__Hbss                      bss          000000
__HbssCOMRAM                bssCOMRAM    000000
__Hcinit                    cinit        000000
__Hclrtext                  clrtext      000000
__Hcomram                   comram       000000
__Hconfig                   config       30000E
__Hconst                    const        000000
__HcstackCOMRAM             cstackCOMRAM 000000
__Hdata                     data         000000
__HdataCOMRAM               dataCOMRAM   000000
__Heeprom_data              eeprom_data  000000
__Hfarbss                   farbss       000000
__Hfardata                  fardata      000000
__Hheap                     heap         000000
__Hibigdata                 ibigdata     000000
__Hidata                    idata        000000
__HidataCOMRAM              idataCOMRAM  000000
__Hidloc                    idloc        000000
__Hifardata                 ifardata     000000
__Hinit                     init         000012
__Hintcode                  intcode      00000E
__Hintcode_body             intcode_body 000000
__Hintcodelo                intcodelo    00000E
__Hintentry                 intentry     000000
__Hintret                   intret       000000
__Hintsave_regs             intsave_regs 000000
__Hirdata                   irdata       000000
__Hmediumconst              mediumconst  000000
__HnvFARRAM                 nvFARRAM     000000
__Hnvbit                    nvbit        000000
__Hnvrram                   nvrram       000000
__Hparam                    rparam       000000
__Hpowerup                  powerup      00000E
__Hram                      ram          000000
__Hramtop                   ramtop       000800
__Hrbit                     rbit         000000
__Hrbss                     rbss         000000
__Hrdata                    rdata        000000
__Hreset_vec                reset_vec    000004
__Hrparam                   rparam       000000
__Hsfr                      sfr          000000
__Hsmallconst               smallconst   000812
__Hspace_0                  (abs)        000B48
__Hspace_1                  (abs)        00002C
__Hspace_2                  (abs)        000000
__Hspace_4                  (abs)        60000E
__Hstack                    stack        000000
__Hstruct                   struct       000000
__Htemp                     temp         00002C
__Htext                     text         000000
__Htext0                    text0        000000
__Htext1                    text1        000000
__Htext2                    text2        000000
__Htext3                    text3        000000
__Htext5                    text5        000000
__Htext6                    text6        000000
__Htext7                    text7        000000
__Htext8                    text8        000000
__LRAM                      (abs)        000001
__L__absolute__             __absolute__ 000000
__Labs1                     abs1         000000
__Lbank0                    bank0        000000
__Lbank1                    bank1        000000
__Lbank2                    bank2        000000
__Lbank3                    bank3        000000
__Lbank4                    bank4        000000
__Lbank5                    bank5        000000
__Lbank6                    bank6        000000
__Lbank7                    bank7        000000
__Lbigbss                   bigbss       000000
__Lbigdata                  bigdata      000000
__Lbigram                   bigram       000000
__Lbigsfr                   bigsfr       000000
__Lbss                      bss          000000
__LbssCOMRAM                bssCOMRAM    000000
__Lcinit                    cinit        000000
__Lclrtext                  clrtext      000000
__Lcomram                   comram       000000
__Lconfig                   config       000000
__Lconst                    const        000000
__LcstackCOMRAM             cstackCOMRAM 000000
__Ldata                     data         000000
__LdataCOMRAM               dataCOMRAM   000000
__Leeprom_data              eeprom_data  000000
__Lfarbss                   farbss       000000
__Lfardata                  fardata      000000
__Lheap                     heap         000000
__Libigdata                 ibigdata     000000
__Lidata                    idata        000000
__LidataCOMRAM              idataCOMRAM  000000
__Lidloc                    idloc        000000
__Lifardata                 ifardata     000000
__Linit                     init         00000E
__Lintcode                  intcode      000008
__Lintcode_body             intcode_body 000000
__Lintcodelo                intcodelo    00000E
__Lintentry                 intentry     000000
__Lintret                   intret       000000
__Lintsave_regs             intsave_regs 000000
__Lirdata                   irdata       000000
__Lmediumconst              mediumconst  000000
__LnvFARRAM                 nvFARRAM     000000
__Lnvbit                    nvbit        000000
__Lnvrram                   nvrram       000000
__Lparam                    rparam       000000
__Lpowerup                  powerup      00000E
__Lram                      ram          000000
__Lramtop                   ramtop       000800
__Lrbit                     rbit         000000
__Lrbss                     rbss         000000
__Lrdata                    rdata        000000
__Lreset_vec                reset_vec    000000
__Lrparam                   rparam       000000
__Lsfr                      sfr          000000
__Lsmallconst               smallconst   000800
__Lspace_0                  (abs)        000000
__Lspace_1                  (abs)        000000
__Lspace_2                  (abs)        000000
__Lspace_4                  (abs)        000000
__Lstack                    stack        000000
__Lstruct                   struct       000000
__Ltemp                     temp         00002B
__Ltext                     text         000000
__Ltext0                    text0        000000
__Ltext1                    text1        000000
__Ltext2                    text2        000000
__Ltext3                    text3        000000
__Ltext5                    text5        000000
__Ltext6                    text6        000000
__Ltext7                    text7        000000
__Ltext8                    text8        000000
__S0                        (abs)        000B48
__S1                        (abs)        00002C
__S4                        (abs)        000000
__S5                        (abs)        000000
___heap_hi                  (abs)        000000
___heap_lo                  (abs)        000000
___inthi_sp                 stack        000000
___intlo_sp                 stack        000000
___param_bank               (abs)        000000
___rparam_used              (abs)        000001
___sp                       stack        000000
__accesstop                 (abs)        000060
__activetblptr              (abs)        000001
__end_of__initialization    cinit        000ACC
__end_of_interrupt_conf     text3        000B38
__end_of_main               text0        000B26
__end_of_ports_conf         text2        000B48
__end_of_set_usart_response text8        000AA0
__end_of_start_tx           text7        000B12
__end_of_strncmp            text6        000996
__end_of_switch_cmd         text5        000A24
__end_of_tcInt              intcode_body 000900
__end_of_usart_conf         text1        000AF8
__initialization            cinit        000AA0
__mediumconst               mediumconst  000000
__pbssCOMRAM                bssCOMRAM    000001
__pcinit                    cinit        000AA0
__pcstackCOMRAM             cstackCOMRAM 000012
__pdataCOMRAM               dataCOMRAM   000021
__pidataCOMRAM              idataCOMRAM  000B38
__pintcode                  intcode      000008
__pintcode_body             intcode_body 000812
__psmallconst               smallconst   000800
__ptext0                    text0        000B12
__ptext1                    text1        000ADE
__ptext2                    text2        000B42
__ptext3                    text3        000B26
__ptext5                    text5        000996
__ptext6                    text6        000900
__ptext7                    text7        000AF8
__ptext8                    text8        000A24
__ramtop                    ramtop       000800
__smallconst                smallconst   000800
_interrupt_conf             text3        000B26
_main                       text0        000B12
_ports_conf                 text2        000B42
_response                   dataCOMRAM   000021
_rx_buffer                  bssCOMRAM    00000D
_rx_buffer_ptr              bssCOMRAM    00000C
_set_usart_response         text8        000A24
_start_tx                   text7        000AF8
_strncmp                    text6        000900
_switch_cmd                 text5        000996
_tcInt                      intcode      000008
_tx_buffer                  bssCOMRAM    000001
_tx_buffer_ptr              bssCOMRAM    00000B
_usart_conf                 text1        000ADE
btemp                       temp         00002B
end_of_initialization       cinit        000ACC
int$flags                   temp         00002B
int_func                    intcode_body 000812
intlevel0                   text         000000
intlevel1                   text         000000
intlevel2                   text         000000
intlevel3                   text         000000
isa$std                     (abs)        000001
isa$xinst                   (abs)        000000
set_usart_response@i        cstackCOMRAM 000017
set_usart_response@res      cstackCOMRAM 000012
set_usart_response@res_len  cstackCOMRAM 000014
stackhi                     (abs)        000000
stacklo                     (abs)        000000
start                       init         00000E
start_initialization        cinit        000AA0
strncmp@len                 cstackCOMRAM 000016
strncmp@s1                  cstackCOMRAM 000012
strncmp@s2                  cstackCOMRAM 000014
switch_cmd@ptr              cstackCOMRAM 000019
ttemp5                      temp         00002C
ttemp6                      temp         00002F
ttemp7                      temp         000033
wtemp8                      temp         00002C


MODULE INFORMATION

Module		Function		Class		Link	Load	Size
/home/hidden02/software/xc8/v2.41/v2.41/pic/sources/c90/common/strncmp.c
		_strncmp       		CODE           	0900	0000	150

/home/hidden02/software/xc8/v2.41/v2.41/pic/sources/c90/common/strncmp.c estimated size: 150

shared
		__initialization		CODE           	0AA0	0000	44

shared estimated size: 44

main.c
		_ports_conf    		CODE           	0B42	0000	6
		_start_tx      		CODE           	0AF8	0000	26
		_main          		CODE           	0B12	0000	20
		_usart_conf    		CODE           	0ADE	0000	26
		_switch_cmd    		CODE           	0996	0000	142
		_set_usart_response		CODE           	0A24	0000	124
		_interrupt_conf		CODE           	0B26	0000	18
		_tcInt         		CODE           	0008	0000	244

main.c estimated size: 606

